2025-04-12 08:58:48,923 - Launcher - INFO - Bağımlılıklar yükleniyor: python-dotenv
2025-04-12 08:59:02,770 - AssistantController - INFO - TTS modülü başarıyla yüklendi
2025-04-12 08:59:02,813 - AssistantController - INFO - Komut yürütücü modülü başarıyla yüklendi
2025-04-12 08:59:03,923 - gui.main_window - ERROR - Ayarlar yüklenirken hata: 'ConfigManager' object has no attribute 'get'
2025-04-12 08:59:37,462 - AssistantController - INFO - Asistan başlatılıyor...
2025-04-12 08:59:37,554 - AssistantController - INFO - Asistan başlatıldı
2025-04-12 08:59:37,555 - AssistantController - INFO - Dinleme başlatıldı
2025-04-12 08:59:37,556 - AssistantController - INFO - Komut algılandı: Saat kaç
2025-04-12 08:59:37,563 - AssistantController - INFO - Komut çalıştırılıyor: Saat kaç
2025-04-12 08:59:38,202 - AssistantController - INFO - Komut başarıyla çalıştırıldı: Saat kaç
2025-04-12 08:59:50,052 - AssistantController - INFO - Asistan durduruluyor...
2025-04-12 08:59:52,584 - AssistantController - INFO - Dinleme durduruldu
2025-04-12 09:00:00,649 - AssistantController - INFO - Asistan durduruldu
2025-04-12 09:00:00,650 - AssistantController - WARNING - Asistan zaten durdurulmuş
2025-04-12 09:01:15,480 - Launcher - INFO - Bağımlılıklar yükleniyor: python-dotenv
2025-04-12 09:01:28,466 - AssistantController - INFO - TTS modülü başarıyla yüklendi
2025-04-12 09:01:28,505 - AssistantController - INFO - Komut yürütücü modülü başarıyla yüklendi
2025-04-12 09:01:29,315 - gui.main_window - ERROR - Ayarlar yüklenirken hata: 'ConfigManager' object has no attribute 'get'
2025-04-12 09:01:33,986 - AssistantController - WARNING - Asistan zaten durdurulmuş
2025-04-12 09:02:45,890 - Launcher - INFO - Bağımlılıklar yükleniyor: python-dotenv
2025-04-12 09:03:03,871 - AssistantController - INFO - TTS modülü başarıyla yüklendi
2025-04-12 09:03:03,910 - AssistantController - INFO - Komut yürütücü modülü başarıyla yüklendi
2025-04-12 09:03:04,854 - gui.main_window - ERROR - Ayarlar yüklenirken hata: 'ConfigManager' object has no attribute 'get'
2025-04-12 09:06:46,076 - AssistantController - INFO - Asistan başlatılıyor...
2025-04-12 09:06:46,173 - AssistantController - INFO - Asistan başlatıldı
2025-04-12 09:06:46,173 - AssistantController - INFO - Dinleme başlatıldı
2025-04-12 09:07:13,150 - AssistantController - INFO - Tanınan metin: ses arttır
2025-04-12 09:07:27,227 - AssistantController - INFO - Tanınan metin: chrome aç
2025-04-12 09:07:41,722 - AssistantController - INFO - Tanınan metin: mapushane alüminyum
2025-04-12 09:07:46,880 - AssistantController - INFO - Asistan durduruluyor...
2025-04-12 09:07:49,289 - AssistantController - INFO - Dinleme durduruldu
2025-04-12 09:07:55,664 - AssistantController - INFO - Asistan durduruldu
2025-04-12 09:08:09,563 - gui.main_window - ERROR - Ayarlar kaydedilirken hata: 'ConfigManager' object has no attribute 'set'
2025-04-12 09:08:17,109 - gui.main_window - ERROR - Ayarlar kaydedilirken hata: 'ConfigManager' object has no attribute 'set'
2025-04-12 09:08:19,768 - AssistantController - INFO - Asistan başlatılıyor...
2025-04-12 09:08:19,775 - AssistantController - INFO - Asistan başlatıldı
2025-04-12 09:08:19,775 - AssistantController - INFO - Dinleme başlatıldı
2025-04-12 09:08:31,488 - AssistantController - INFO - Asistan durduruluyor...
2025-04-12 09:08:31,559 - AssistantController - INFO - Dinleme durduruldu
2025-04-12 09:08:37,635 - AssistantController - INFO - Asistan durduruldu
2025-04-12 09:08:37,636 - AssistantController - WARNING - Asistan zaten durdurulmuş
2025-04-12 09:12:17,063 - Launcher - INFO - Bağımlılıklar yükleniyor: python-dotenv
2025-04-12 09:12:29,025 - AssistantController - INFO - TTS modülü başarıyla yüklendi
2025-04-12 09:12:29,056 - AssistantController - INFO - Komut yürütücü modülü başarıyla yüklendi
2025-04-12 09:12:29,871 - gui.main_window - ERROR - Ayarlar yüklenirken hata: 'ConfigManager' object has no attribute 'get'
2025-04-12 09:13:25,983 - AssistantController - WARNING - Asistan zaten durdurulmuş
2025-04-12 09:19:07,752 - Launcher - INFO - Bağımlılıklar yükleniyor: python-dotenv
2025-04-12 09:19:23,924 - AssistantController - INFO - TTS modülü başarıyla yüklendi
2025-04-12 09:19:24,012 - AssistantController - INFO - Komut yürütücü modülü başarıyla yüklendi
2025-04-12 09:20:00,813 - AssistantController - INFO - Asistan ayarları yeniden yüklendi
2025-04-12 09:20:13,074 - AssistantController - INFO - Asistan başlatılıyor...
2025-04-12 09:20:13,077 - AssistantController - INFO - Uyandırma kelimesi: picovoice
2025-04-12 09:20:13,196 - AssistantController - INFO - Asistan başlatıldı
2025-04-12 09:20:13,197 - AssistantController - INFO - Dinleme başlatıldı
2025-04-12 09:20:32,492 - AssistantController - INFO - Tanınan metin: sesi yükselt
2025-04-12 09:20:43,883 - AssistantController - INFO - Asistan durduruluyor...
2025-04-12 09:20:46,065 - AssistantController - INFO - Dinleme durduruldu
2025-04-12 09:20:52,925 - AssistantController - INFO - Asistan durduruldu
2025-04-12 09:21:28,114 - AssistantController - WARNING - Asistan zaten durdurulmuş
2025-04-12 09:23:35,990 - Launcher - INFO - Bağımlılıklar yükleniyor: python-dotenv
2025-04-12 09:23:47,953 - Launcher - ERROR - Uygulama başlatılırken hata: invalid literal for int() with base 10: '+175%'
Traceback (most recent call last):
  File "C:\Users\erkay\OneDrive\Desktop\voce-con\run_gui.py", line 67, in run_gui
    main()
  File "C:\Users\erkay\OneDrive\Desktop\voce-con\gui\main_window.py", line 399, in main
    window = MainWindow()
             ^^^^^^^^^^^^
  File "C:\Users\erkay\OneDrive\Desktop\voce-con\gui\main_window.py", line 27, in __init__
    self.controller = AssistantController(self.config_manager)
                      ^^^^^^^^^^^^^^^^^^^^^^^^^^^^^^^^^^^^^^^^
  File "C:\Users\erkay\OneDrive\Desktop\voce-con\gui\assistant_controller.py", line 211, in __init__
    self._check_modules()
  File "C:\Users\erkay\OneDrive\Desktop\voce-con\gui\assistant_controller.py", line 217, in _check_modules
    import text_to_speech
  File "C:\Users\erkay\OneDrive\Desktop\voce-con\text_to_speech.py", line 29, in <module>
    TTS_RATE = int(os.getenv('TTS_RATE', '0'))  # Edge TTS için kullanılmıyor, pyttsx3 için kalıyor
               ^^^^^^^^^^^^^^^^^^^^^^^^^^^^^^^
ValueError: invalid literal for int() with base 10: '+175%'
2025-04-12 09:26:50,890 - Launcher - INFO - Bağımlılıklar yükleniyor: python-dotenv
2025-04-12 09:27:05,596 - AssistantController - INFO - TTS modülü başarıyla yüklendi
2025-04-12 09:27:05,634 - AssistantController - INFO - Komut yürütücü modülü başarıyla yüklendi
2025-04-12 09:27:14,941 - AssistantController - INFO - Asistan başlatılıyor...
2025-04-12 09:27:14,944 - AssistantController - INFO - Uyandırma kelimesi: picovoice
2025-04-12 09:27:15,051 - AssistantController - INFO - Mikrofon eşiği: 300
2025-04-12 09:27:15,054 - AssistantController - INFO - Asistan başlatıldı
2025-04-12 09:27:15,054 - AssistantController - INFO - Dinleme başlatıldı
2025-04-12 09:27:31,972 - AssistantController - INFO - Tanınan metin: pika boys
2025-04-12 09:27:56,957 - AssistantController - INFO - Tanınan metin: videoyu başl
2025-04-12 09:28:03,121 - AssistantController - INFO - Tanınan metin: videoyu başlat
2025-04-12 09:28:12,048 - AssistantController - INFO - Asistan durduruluyor...
2025-04-12 09:28:17,080 - AssistantController - INFO - Dinleme durduruldu
2025-04-12 09:28:23,854 - AssistantController - INFO - Asistan durduruldu
2025-04-12 09:28:56,137 - AssistantController - INFO - Uyandırma kelimesi güncellendi: picovoice
2025-04-12 09:28:56,139 - AssistantController - INFO - Asistan ayarları yeniden yüklendi
2025-04-12 09:29:00,735 - AssistantController - INFO - Asistan başlatılıyor...
2025-04-12 09:29:00,738 - AssistantController - INFO - Uyandırma kelimesi: picovoice
2025-04-12 09:29:00,739 - AssistantController - INFO - Mikrofon eşiği: 300
2025-04-12 09:29:00,744 - AssistantController - INFO - Asistan başlatıldı
2025-04-12 09:29:00,749 - AssistantController - INFO - Dinleme başlatıldı
2025-04-12 09:29:18,211 - AssistantController - INFO - Tanınan metin: videoyu başlat
2025-04-12 09:29:29,059 - AssistantController - INFO - Asistan durduruluyor...
2025-04-12 09:29:33,232 - AssistantController - INFO - Dinleme durduruldu
2025-04-12 09:29:40,307 - AssistantController - INFO - Asistan durduruldu
2025-04-12 09:29:40,308 - AssistantController - WARNING - Asistan zaten durdurulmuş
2025-04-12 09:34:24,687 - Launcher - INFO - Bağımlılıklar yükleniyor: python-dotenv
2025-04-12 09:34:39,572 - AssistantController - INFO - TTS modülü başarıyla yüklendi
2025-04-12 09:34:39,651 - AssistantController - INFO - Komut yürütücü modülü başarıyla yüklendi
2025-04-12 09:34:51,928 - AssistantController - INFO - Asistan ayarları yeniden yüklendi
2025-04-12 09:34:58,320 - comtypes.client._code_cache - INFO - Imported existing <module 'comtypes.gen' from 'C:\\Users\\erkay\\AppData\\Local\\Programs\\Python\\Python312\\Lib\\site-packages\\comtypes\\gen\\__init__.py'>
2025-04-12 09:34:58,321 - comtypes.client._code_cache - INFO - Using writeable comtypes cache directory: 'C:\Users\erkay\AppData\Local\Programs\Python\Python312\Lib\site-packages\comtypes\gen'
2025-04-12 09:35:11,079 - AssistantController - INFO - Asistan ayarları yeniden yüklendi
2025-04-12 09:35:22,581 - AssistantController - INFO - Asistan başlatılıyor...
2025-04-12 09:35:22,589 - AssistantController - INFO - Uyandırma kelimesi: picovoice
2025-04-12 09:35:22,734 - AssistantController - INFO - Mikrofon eşiği: 300
2025-04-12 09:35:22,737 - AssistantController - INFO - Asistan başlatıldı
2025-04-12 09:35:22,745 - AssistantController - INFO - Dinleme başlatıldı
2025-04-12 09:35:41,048 - AssistantController - INFO - Tanınan metin: müziği oynat
2025-04-12 09:35:49,480 - AssistantController - INFO - Asistan durduruluyor...
2025-04-12 09:35:51,904 - AssistantController - INFO - Tanınan metin: sokayım sana siktir git ya
2025-04-12 09:35:52,076 - AssistantController - INFO - Dinleme durduruldu
2025-04-12 09:35:57,870 - AssistantController - INFO - Asistan durduruldu
2025-04-12 09:35:57,871 - AssistantController - WARNING - Asistan zaten durdurulmuş
